[2026-08-27 17:35:02] [INFO] Servidor iniciando...
[2026-08-27 17:35:02] [INFO] Servidor iniciado. Presiona Ctrl+C para detener.
[2026-08-27 17:35:02] [INFO] UDP escuchando en puerto 9001
[2026-08-27 17:35:02] [INFO] TCP escuchando en puerto 9002
[2026-08-27 17:48:41] [INFO] UDP recibido: TELEMETRY|NODE03|TEMP|24.8
[2026-08-27 17:48:41] [INFO] Nodo NODE03 actualizado: TEMP=24.80
[2026-08-27 17:48:51] [INFO] TCP recibido: GET_STATUS|NODE03
[2026-08-27 17:48:51] [INFO] TCP enviado: STATUS|NODE03|TEMP|24.80|HUM|0.00|CONSUMO|0.00|VIBRACION|0.00|ESTADO|OK

[2026-08-27 17:49:01] [INFO] UDP recibido: TELEMETRY|NODE03|TEMP|45.0
[2026-08-27 17:49:01] [INFO] Nodo NODE03 actualizado: TEMP=45.00
[2026-08-27 17:49:10] [INFO] TCP recibido: GET_STATUS|NODE03
[2026-08-27 17:49:10] [INFO] TCP enviado: STATUS|NODE03|TEMP|45.00|HUM|0.00|CONSUMO|0.00|VIBRACION|0.00|ESTADO|ALERTA

[2026-08-27 17:49:20] [INFO] UDP recibido: TELEMETRY|NODE07|HUM|55.2
[2026-08-27 17:49:20] [INFO] Nodo NODE07 actualizado: HUM=55.20
[2026-08-27 17:49:33] [INFO] TCP recibido: GET_STATUS|NODE07
[2026-08-27 17:49:33] [INFO] TCP enviado: STATUS|NODE07|TEMP|0.00|HUM|55.20|CONSUMO|0.00|VIBRACION|0.00|ESTADO|OK

[2026-08-27 17:49:42] [INFO] TCP recibido: GET_STATUS|NODE99
[2026-08-27 17:49:42] [INFO] TCP enviado: ERROR|NODE_NOT_FOUND|NODE99

[2026-08-27 17:49:50] [INFO] TCP recibido: LIST_NODES
[2026-08-27 17:49:50] [INFO] TCP enviado: NODES|2|NODE03|NODE07

[2026-08-27 17:49:59] [INFO] TCP recibido: COSA_RARA
[2026-08-27 17:49:59] [WARN] Comando TCP desconocido recibido
[2026-08-27 17:49:59] [INFO] TCP enviado: ERROR|UNKNOWN_COMMAND

